ssd1306.c:4:6:ssd1306_Reset	4	static
ssd1306.c:9:6:ssd1306_WriteCommand	32	static
ssd1306.c:14:6:ssd1306_WriteData	32	static
ssd1306.c:59:6:ssd1306_Init	8	static
ssd1306.c:138:6:ssd1306_On	8	static
ssd1306.c:143:6:ssd1306_Off	8	static
ssd1306.c:148:6:ssd1306_Fill	24	static
ssd1306.c:158:6:ssd1306_UpdateScreen	16	static
ssd1306.c:172:6:ssd1306_DrawPixel	16	static
ssd1306.c:192:6:SSD1306_showImage	56	static
ssd1306.c:225:6:ssd1306_WriteChar	48	static
ssd1306.c:272:6:ssd1306_WriteString	24	static
ssd1306.c:289:6:ssd1306_SetCursor	16	static
ssd1306.c:294:6:ssd1306_FillArea	40	static
